🔨 Building locally…

added 290 packages, and audited 291 packages in 5s

65 packages are looking for funding
  run `npm fund` for details

7 vulnerabilities (2 low, 4 moderate, 1 high)

To address all issues, run:
  npm audit fix

Run `npm audit` for details.

> vite-react-typescript-starter@0.0.0 build
> vite build

[36mvite v5.4.8 [32mbuilding for production...[36m[39m
transforming...
Browserslist: caniuse-lite is outdated. Please run:
  npx update-browserslist-db@latest
  Why you should do it regularly: https://github.com/browserslist/update-db#readme
[32m✓[39m 1470 modules transformed.
rendering chunks...
computing gzip size...
[2mdist/[22m[32mindex.html                 [39m[1m[2m  0.47 kB[22m[1m[22m[2m │ gzip:  0.30 kB[22m
[2mdist/[22m[35massets/index-a02niNuc.css  [39m[1m[2m 12.47 kB[22m[1m[22m[2m │ gzip:  3.16 kB[22m
[2mdist/[22m[36massets/index-DGD4Uh2D.js   [39m[1m[2m153.68 kB[22m[1m[22m[2m │ gzip: 48.96 kB[22m
[32m✓ built in 2.05s[39m
📦 Backing up to /var/www/backups/2025-07-05/sydneydpc.com-20250705015035
⚠️  No existing deploy found — skipping backup.
./full-deploy.sh: line 49: warning: here-document at line 39 delimited by end-of-file (wanted `EOF')
./full-deploy.sh: line 50: syntax error: unexpected end of file
Deployed at Sun Aug 10 01:32:32 AUSEST 2025 — commit 5df1cf6819de9601d2832df10eea1582bdbdc8b8
